
> odyterm-desktop@0.1.0 build
> npm run typecheck && electron-vite build


> odyterm-desktop@0.1.0 typecheck
> vue-tsc --noEmit -p tsconfig.web.json && tsc --noEmit -p tsconfig.node.json

[36mvite v7.3.6 [32mbuilding ssr environment for production...[36m[39m
transforming...
[32m✓[39m 2 modules transformed.
rendering chunks...
[2mout/main/[22m[36mindex.js  [39m[1m[2m239.02 kB[22m[1m[22m
[32m✓ built in 157ms[39m
[36mvite v7.3.6 [32mbuilding ssr environment for production...[36m[39m
transforming...
[32m✓[39m 2 modules transformed.
rendering chunks...
[2mout/preload/[22m[36mcredential.js  [39m[1m[2m0.81 kB[22m[1m[22m
[2mout/preload/[22m[36mindex.js       [39m[1m[2m4.96 kB[22m[1m[22m
[32m✓ built in 15ms[39m
[36mvite v7.3.6 [32mbuilding client environment for production...[36m[39m
transforming...
[32m✓[39m 1800 modules transformed.
rendering chunks...
[2m../../out/renderer/[22m[32mindex.html                                 [39m[1m[2m    0.64 kB[22m[1m[22m
[2m../../out/renderer/[22m[35massets/PackageBuildWorkspace-BDlHKVxX.css  [39m[1m[2m    7.60 kB[22m[1m[22m
[2m../../out/renderer/[22m[35massets/index-Je-y7oJ0.css                  [39m[1m[2m  335.69 kB[22m[1m[22m
[2m../../out/renderer/[22m[36massets/circle-stop-BXATVnz3.js             [39m[1m[2m    0.29 kB[22m[1m[22m
[2m../../out/renderer/[22m[36massets/PackageBuildWorkspace-DO1ait-6.js   [39m[1m[2m   15.34 kB[22m[1m[22m
[2m../../out/renderer/[22m[36massets/TransferWorkspace-BvFi-uU2.js       [39m[1m[2m   50.35 kB[22m[1m[22m
[2m../../out/renderer/[22m[36massets/UpgradeWorkspace-C1gnQ3T6.js        [39m[1m[2m   59.62 kB[22m[1m[22m
[2m../../out/renderer/[22m[36massets/index-Cg2Xcf3P.js                   [39m[1m[33m5,311.36 kB[39m[22m
[32m✓ built in 13.00s[39m
